// Jest Snapshot v1, https://goo.gl/fbAQLP

exports[`île des Maths tirée du référentiel de 4e garde des identifiants de niveau stables (ils sont enregistrés en base) 1`] = `
[
  "maths-relatifs.additionner-et-soustraire",
  "maths-relatifs.sommes-et-differences",
  "maths-relatifs.multiplier-des-relatifs",
  "maths-relatifs.calculer-des-produits",
  "maths-relatifs.diviser-des-relatifs",
  "maths-relatifs.produits-et-quotients",
  "maths-relatifs.bilan",
  "maths-fractions.diviseurs-et-nombres-premiers",
  "maths-fractions.facteurs-premiers",
  "maths-fractions.fractions-egales",
  "maths-fractions.simplifier-des-fractions",
  "maths-fractions.comparer-et-additionner",
  "maths-fractions.ranger-et-calculer",
  "maths-fractions.bilan",
  "maths-fractions-produits.multiplier-des-fractions",
  "maths-fractions-produits.produits-de-fractions",
  "maths-fractions-produits.inverse-et-division",
  "maths-fractions-produits.diviser-par-une-fraction",
  "maths-fractions-produits.bilan",
  "maths-puissances.puissances-de-10",
  "maths-puissances.grands-et-petits-nombres",
  "maths-puissances.notation-scientifique",
  "maths-puissances.ecrire-et-ranger",
  "maths-puissances.puissances-d-un-nombre",
  "maths-puissances.calculer-des-puissances",
  "maths-puissances.bilan",
  "maths-calcul-litteral.reduire-une-expression",
  "maths-calcul-litteral.reduire-et-calculer",
  "maths-calcul-litteral.developper",
  "maths-calcul-litteral.developper-et-reduire",
  "maths-calcul-litteral.factoriser",
  "maths-calcul-litteral.trouver-le-facteur-commun",
  "maths-calcul-litteral.expressions-egales",
  "maths-calcul-litteral.programmes-de-calcul",
  "maths-calcul-litteral.bilan",
  "maths-equations.qu-est-ce-qu-une-equation",
  "maths-equations.tester-une-solution",
  "maths-equations.isoler-x",
  "maths-equations.resoudre-ax-b-c",
  "maths-equations.inconnue-deux-cotes",
  "maths-equations.resoudre-deux-cotes",
  "maths-equations.mise-en-equation",
  "maths-equations.bilan",
  "maths-proportionnalite.graphiques-et-proportionnalite",
  "maths-proportionnalite.formules-et-proportionnalite",
  "maths-proportionnalite.quatrieme-proportionnelle",
  "maths-proportionnalite.calculer-quatrieme-proportionnelle",
  "maths-proportionnalite.vitesses-debits-et-conversions",
  "maths-proportionnalite.calculer-et-convertir",
  "maths-proportionnalite.bilan",
  "maths-statistiques.representer-des-donnees",
  "maths-statistiques.frequences-et-diagrammes",
  "maths-statistiques.la-moyenne",
  "maths-statistiques.calculer-une-moyenne",
  "maths-statistiques.la-mediane",
  "maths-statistiques.determiner-une-mediane",
  "maths-statistiques.bilan",
  "maths-probabilites.modeliser-une-experience-aleatoire",
  "maths-probabilites.decrire-une-experience-aleatoire",
  "maths-probabilites.calculer-une-probabilite",
  "maths-probabilites.tirages-des-et-cartes",
  "maths-probabilites.l-evenement-contraire",
  "maths-probabilites.utiliser-l-evenement-contraire",
  "maths-probabilites.bilan",
  "maths-transformations.symetrie-et-translation",
  "maths-transformations.transformer-une-figure",
  "maths-transformations.frises-et-pavages",
  "maths-transformations.frises-et-parallelogrammes",
  "maths-transformations.agrandir-et-reduire",
  "maths-transformations.calculer-avec-un-rapport",
  "maths-transformations.bilan",
  "maths-triangles-quadrilateres.triangles-egaux",
  "maths-triangles-quadrilateres.prouver-triangles-egaux",
  "maths-triangles-quadrilateres.du-parallelogramme-au-carre",
  "maths-triangles-quadrilateres.justifier-avec-les-quadrilateres",
  "maths-triangles-quadrilateres.bilan",
  "maths-thales.theoreme-de-thales",
  "maths-thales.calculer-une-longueur",
  "maths-thales.reciproque-de-thales",
  "maths-thales.paralleles-ou-pas",
  "maths-thales.bilan",
  "maths-pythagore.theoreme-de-pythagore",
  "maths-pythagore.calculer-un-cote",
  "maths-pythagore.la-racine-carree",
  "maths-pythagore.racines-carrees-entrainement",
  "maths-pythagore.reciproque-de-pythagore",
  "maths-pythagore.rectangle-ou-pas",
  "maths-pythagore.le-cosinus",
  "maths-pythagore.calculer-avec-le-cosinus",
  "maths-pythagore.bilan",
  "maths-espace-solides.pave-droit-et-pyramide",
  "maths-espace-solides.reperer-et-decrire",
  "maths-espace-solides.volume-de-la-pyramide",
  "maths-espace-solides.calculer-volume-pyramide",
  "maths-espace-solides.le-cone-de-revolution",
  "maths-espace-solides.calculer-avec-le-cone",
  "maths-espace-solides.bilan",
  "maths-algorithmique.premiers-scripts",
  "maths-algorithmique.tracer-avec-le-lutin",
  "maths-algorithmique.variables-conditions-evenements",
  "maths-algorithmique.variables-et-conditions",
  "maths-algorithmique.blocs-et-projets",
  "maths-algorithmique.frises-et-simulations",
  "maths-algorithmique.bilan",
]
`;
